ERROR    asyncio:base_events.py:1707 Task was destroyed but it is pending!
task: <Task pending name='Task-12' coro=<process_task() done, defined at /home/pooi/test_candidate/app.py:53> wait_for=<Future pending cb=[<TaskWakeupMethWrapper object at 0x7f8ed85b08b0>()]>>
ERROR    asyncio:base_events.py:1707 Task was destroyed but it is pending!
task: <Task pending name='Task-19' coro=<process_task() done, defined at /home/pooi/test_candidate/app.py:53> wait_for=<Future pending cb=[<TaskWakeupMethWrapper object at 0x7f8ed8563d00>()]>>
